node.exe : 
PrismaClient 
initialization 
failed: PrismaClientC
onstructorValidationE
rror: Unknown 
property datasources 
provided to 
PrismaClient 
constructor.
At line:1 char:1
+ & "C:\Program Files
\nodejs/node.exe" 
"C:\Program 
Files\nodejs/node_mo 
...
+ ~~~~~~~~~~~~~~~~~~~
~~~~~~~~~~~~~~~~~~~~~
~~~~~~~~~~~~~~~~~~~~~
~~~~~~~~
    + CategoryInfo   
           : NotSpe  
  cified: (PrismaC   
 lient in...nt co    
nstructor.:Strin    
g) [], RemoteExc    
eption
    + FullyQualified 
   ErrorId : Native  
  CommandError
 
Read more at https://
pris.ly/d/client-cons
tructor
    at validatePrisma
ClientOptions (C:\Use
rs\aryac\shortgun\nod
e_modules\@prisma\cli
ent\src\runtime\utils
\validatePrismaClient
Options.ts:239:13)
    at new t (C:\User
s\aryac\shortgun\node
_modules\@prisma\clie
nt\src\runtime\getPri
smaClient.ts:281:7)
    at <anonymous> (C
:\Users\aryac\shortgu
n\src\lib\prisma.ts:1
7:22)
    at 
Object.<anonymous> (C
:\Users\aryac\shortgu
n\src\lib\prisma.ts:2
6:69)
    at 
Module._compile (node
:internal/modules/cjs
/loader:1706:14)
    at 
Object.transformer (C
:\Users\aryac\AppData
\Local\npm-cache\_npx
\fd45a72a545557e9\nod
e_modules\tsx\dist\re
gister-D46fvsV_.cjs:3
:1104)
    at Module.load (n
ode:internal/modules/
cjs/loader:1441:32)
    at 
Function._load (node:
internal/modules/cjs/
loader:1263:12)
    at TracingChannel
.traceSync (node:diag
nostics_channel:322:1
4)
    at 
wrapModuleLoad (node:
internal/modules/cjs/
loader:237:24)
node:internal/modules
/run_main:123
    triggerUncaughtEx
ception(
    ^

PrismaClientConstruct
orValidationError: 
Unknown property 
datasources provided 
to PrismaClient 
constructor.
Read more at https://
pris.ly/d/client-cons
tructor
    at validatePrisma
ClientOptions (C:\Use
rs\aryac\shortgun\nod
e_modules\@prisma\cli
ent\src\runtime\utils
\validatePrismaClient
Options.ts:239:13)
    at new t (C:\User
s\aryac\shortgun\node
_modules\@prisma\clie
nt\src\runtime\getPri
smaClient.ts:281:7)
    at <anonymous> (C
:\Users\aryac\shortgu
n\src\lib\prisma.ts:1
7:22)
    at 
Object.<anonymous> (C
:\Users\aryac\shortgu
n\src\lib\prisma.ts:2
6:69)
    at 
Module._compile (node
:internal/modules/cjs
/loader:1706:14)
    at 
Object.transformer (C
:\Users\aryac\AppData
\Local\npm-cache\_npx
\fd45a72a545557e9\nod
e_modules\tsx\dist\re
gister-D46fvsV_.cjs:3
:1104)
    at Module.load (n
ode:internal/modules/
cjs/loader:1441:32)
    at 
Function._load (node:
internal/modules/cjs/
loader:1263:12)
    at TracingChannel
.traceSync (node:diag
nostics_channel:322:1
4)
    at 
wrapModuleLoad (node:
internal/modules/cjs/
loader:237:24)

Node.js v22.20.0
